wandb: [wandb.login()] Loaded credentials for https://api.wandb.ai from /root/.netrc.
wandb: Currently logged in as: rezanasirian18 (rezanasirian18-son) to https://api.wandb.ai. Use `wandb login --relogin` to force relogin
wandb: setting up run vtfazzgk
wandb: Tracking run with wandb version 0.29.0
wandb: Run data is saved locally in /workspace/PrivChain-MDD-/wandb/run-20260904_190257-vtfazzgk
wandb: Run `wandb offline` to turn off syncing.
wandb: Syncing run ctd_dp_wandb_smoke
wandb: ⭐️ View project at https://wandb.ai/rezanasirian18-son/privchain-mdd-ctd-dp
wandb: 🚀 View run at https://wandb.ai/rezanasirian18-son/privchain-mdd-ctd-dp/runs/vtfazzgk
Traceback (most recent call last):
  File "/workspace/PrivChain-MDD-/scripts/run_ctd_privacy_comparison.py", line 392, in <module>
    main()
  File "/workspace/PrivChain-MDD-/scripts/run_ctd_privacy_comparison.py", line 365, in main
    results["fedavg_dp"] = run_federated(
                           ^^^^^^^^^^^^^^
  File "/workspace/PrivChain-MDD-/scripts/run_ctd_privacy_comparison.py", line 221, in run_federated
    clients = build_clients(
              ^^^^^^^^^^^^^^
TypeError: build_clients() got an unexpected keyword argument 'on_round_end'
[1;34mwandb[0m: 
[1;34mwandb[0m: 🚀 View run [33mctd_dp_wandb_smoke[0m at: [34mhttps://wandb.ai/rezanasirian18-son/privchain-mdd-ctd-dp/runs/vtfazzgk[0m
[1;34mwandb[0m: Find logs at: [1;35mwandb/run-20260904_190257-vtfazzgk/logs[0m
