
========================================================================
WavLM seed 42  epoch=17  dev_loss=1.0016  wavlm_thr=0.600
checkpoint: /workspace/depression-detection-ctd/src/acoustic-depr-wavlm/checkpoints/seed_42/best.pt
========================================================================

--- Single modalities (own thresholds) ---
  single_wavlm                       dev=0.683 [0.508,0.842]  | test=0.525 [0.370,0.661]
  single_roberta                     dev=0.640 [0.434,0.813]  | test=0.504 [0.363,0.640]
  single_ctd                         dev=0.733 [0.556,0.888]  | test=0.631 [0.472,0.771]

--- wconvex (weights + threshold on dev) ---
  wconvex[wavlm+roberta]             dev=0.695 [0.513,0.861]  | test=0.600 [0.433,0.743]
  wconvex[wavlm+ctd]                 dev=0.810 [0.648,0.935]  | test=0.575 [0.418,0.706]
  wconvex[roberta+ctd]               dev=0.762 [0.584,0.904]  | test=0.631 [0.472,0.771]
  wconvex[wavlm+roberta+ctd]         dev=0.810 [0.648,0.935]  | test=0.575 [0.418,0.706]

Dev-selected best fusion: wconvex[wavlm+ctd]
  dev  0.810 [0.648,0.935]
  test 0.575 [0.418,0.706]
Saved -> /workspace/depression-detection-ctd/src/ctd/outputs/fusion_by_wavlm_seed/fusion_wavlm_seed42.json

========================================================================
WavLM seed 43  epoch=50  dev_loss=0.8462  wavlm_thr=0.650
checkpoint: /workspace/depression-detection-ctd/src/acoustic-depr-wavlm/checkpoints/seed_43/best.pt
========================================================================

--- Single modalities (own thresholds) ---
  single_wavlm                       dev=0.752 [0.566,0.902]  | test=0.568 [0.408,0.709]
  single_roberta                     dev=0.640 [0.434,0.813]  | test=0.504 [0.363,0.640]
  single_ctd                         dev=0.733 [0.556,0.888]  | test=0.631 [0.472,0.771]

--- wconvex (weights + threshold on dev) ---
  wconvex[wavlm+roberta]             dev=0.792 [0.614,0.931]  | test=0.600 [0.445,0.732]
  wconvex[wavlm+ctd]                 dev=0.840 [0.694,0.960]  | test=0.532 [0.377,0.667]
  wconvex[roberta+ctd]               dev=0.762 [0.584,0.904]  | test=0.631 [0.472,0.771]
  wconvex[wavlm+roberta+ctd]         dev=0.840 [0.694,0.960]  | test=0.530 [0.375,0.666]

Dev-selected best fusion: wconvex[wavlm+ctd]
  dev  0.840 [0.694,0.960]
  test 0.532 [0.377,0.667]
Saved -> /workspace/depression-detection-ctd/src/ctd/outputs/fusion_by_wavlm_seed/fusion_wavlm_seed43.json

========================================================================
WavLM seed 44  epoch=60  dev_loss=1.1229  wavlm_thr=0.650
checkpoint: /workspace/depression-detection-ctd/src/acoustic-depr-wavlm/checkpoints/seed_44/best.pt
========================================================================

--- Single modalities (own thresholds) ---
  single_wavlm                       dev=0.627 [0.418,0.800]  | test=0.545 [0.392,0.681]
  single_roberta                     dev=0.640 [0.434,0.813]  | test=0.504 [0.363,0.640]
  single_ctd                         dev=0.733 [0.556,0.888]  | test=0.631 [0.472,0.771]

--- wconvex (weights + threshold on dev) ---
  wconvex[wavlm+roberta]             dev=0.663 [0.459,0.833]  | test=0.489 [0.350,0.621]
  wconvex[wavlm+ctd]                 dev=0.762 [0.584,0.904]  | test=0.612 [0.458,0.750]
  wconvex[roberta+ctd]               dev=0.762 [0.584,0.904]  | test=0.631 [0.472,0.771]
  wconvex[wavlm+roberta+ctd]         dev=0.762 [0.584,0.904]  | test=0.631 [0.472,0.771]

Dev-selected best fusion: wconvex[wavlm+ctd]
  dev  0.762 [0.584,0.904]
  test 0.612 [0.458,0.750]
Saved -> /workspace/depression-detection-ctd/src/ctd/outputs/fusion_by_wavlm_seed/fusion_wavlm_seed44.json

========================================================================
WavLM seed 71  epoch=63  dev_loss=0.9836  wavlm_thr=0.500
checkpoint: /workspace/depression-detection-ctd/src/acoustic-depr-wavlm/checkpoints/seed_71/best.pt
========================================================================

--- Single modalities (own thresholds) ---
  single_wavlm                       dev=0.653 [0.467,0.812]  | test=0.444 [0.300,0.585]
  single_roberta                     dev=0.640 [0.434,0.813]  | test=0.504 [0.363,0.640]
  single_ctd                         dev=0.733 [0.556,0.888]  | test=0.631 [0.472,0.771]

--- wconvex (weights + threshold on dev) ---
  wconvex[wavlm+roberta]             dev=0.695 [0.513,0.842]  | test=0.500 [0.351,0.641]
  wconvex[wavlm+ctd]                 dev=0.762 [0.584,0.904]  | test=0.631 [0.472,0.771]
  wconvex[roberta+ctd]               dev=0.762 [0.584,0.904]  | test=0.631 [0.472,0.771]
  wconvex[wavlm+roberta+ctd]         dev=0.762 [0.584,0.904]  | test=0.631 [0.472,0.771]

Dev-selected best fusion: wconvex[wavlm+ctd]
  dev  0.762 [0.584,0.904]
  test 0.631 [0.472,0.771]
Saved -> /workspace/depression-detection-ctd/src/ctd/outputs/fusion_by_wavlm_seed/fusion_wavlm_seed71.json

========================================================================
WavLM seed 72  epoch=46  dev_loss=1.0609  wavlm_thr=0.650
checkpoint: /workspace/depression-detection-ctd/src/acoustic-depr-wavlm/checkpoints/seed_72/best.pt
========================================================================

--- Single modalities (own thresholds) ---
  single_wavlm                       dev=0.608 [0.407,0.792]  | test=0.534 [0.384,0.679]
  single_roberta                     dev=0.640 [0.434,0.813]  | test=0.504 [0.363,0.640]
  single_ctd                         dev=0.733 [0.556,0.888]  | test=0.631 [0.472,0.771]

--- wconvex (weights + threshold on dev) ---
  wconvex[wavlm+roberta]             dev=0.681 [0.482,0.836]  | test=0.550 [0.392,0.700]
  wconvex[wavlm+ctd]                 dev=0.779 [0.624,0.906]  | test=0.574 [0.422,0.711]
  wconvex[roberta+ctd]               dev=0.762 [0.584,0.904]  | test=0.631 [0.472,0.771]
  wconvex[wavlm+roberta+ctd]         dev=0.810 [0.654,0.937]  | test=0.574 [0.415,0.711]

Dev-selected best fusion: wconvex[wavlm+roberta+ctd]
  dev  0.810 [0.654,0.937]
  test 0.574 [0.415,0.711]
Saved -> /workspace/depression-detection-ctd/src/ctd/outputs/fusion_by_wavlm_seed/fusion_wavlm_seed72.json

========================================================================
WavLM seed 73  epoch=55  dev_loss=1.0868  wavlm_thr=0.550
checkpoint: /workspace/depression-detection-ctd/src/acoustic-depr-wavlm/checkpoints/seed_73/best.pt
========================================================================

--- Single modalities (own thresholds) ---
  single_wavlm                       dev=0.667 [0.491,0.823]  | test=0.515 [0.370,0.656]
  single_roberta                     dev=0.640 [0.434,0.813]  | test=0.504 [0.363,0.640]
  single_ctd                         dev=0.733 [0.556,0.888]  | test=0.631 [0.472,0.771]

--- wconvex (weights + threshold on dev) ---
  wconvex[wavlm+roberta]             dev=0.695 [0.513,0.855]  | test=0.533 [0.378,0.669]
  wconvex[wavlm+ctd]                 dev=0.792 [0.614,0.931]  | test=0.637 [0.472,0.773]
  wconvex[roberta+ctd]               dev=0.762 [0.584,0.904]  | test=0.631 [0.472,0.771]
  wconvex[wavlm+roberta+ctd]         dev=0.792 [0.614,0.931]  | test=0.637 [0.472,0.773]

Dev-selected best fusion: wconvex[wavlm+ctd]
  dev  0.792 [0.614,0.931]
  test 0.637 [0.472,0.773]
Saved -> /workspace/depression-detection-ctd/src/ctd/outputs/fusion_by_wavlm_seed/fusion_wavlm_seed73.json
