=== extraction finished Sat Sep 12 20:13:29 UTC 2026 ===
[188/188] participant=492 written=187 skipped=1
{
  "feature_set": "eGeMAPSv02",
  "feature_level": "Functionals",
  "width": 88,
  "speech_source": "participant transcript turns",
  "pad_seconds": 0.1,
  "participants": 188,
  "written": 187,
  "skipped_existing": 1,
  "opensmile_version": "2.6.0"
}
=== preflight ===
participants=188 missing=[] bad=[]
Warning: You are sending unauthenticated requests to the HF Hub. Please set a HF_TOKEN to enable higher rate limits and faster downloads.
09/12/2026 20:13:34:WARNING:Warning: You are sending unauthenticated requests to the HF Hub. Please set a HF_TOKEN to enable higher rate limits and faster downloads.
Loading weights:   0%|          | 0/199 [00:00<?, ?it/s]Loading weights: 100%|██████████| 199/199 [00:00<00:00, 6025.99it/s]
committed {'dims': {'audio': 74, 'video': 20, 'text': 768}, 'pool': 107, 'dev': 34, 'audio_params': 64000, 'total_params': 266114}
speech+egemaps {'dims': {'audio': 88, 'video': 20, 'text': 768}, 'pool': 107, 'dev': 34, 'audio_params': 63926, 'total_params': 266040}
audio capacity difference = 0.12%
=== ladder Sat Sep 12 20:13:37 UTC 2026 ===
Warning: You are sending unauthenticated requests to the HF Hub. Please set a HF_TOKEN to enable higher rate limits and faster downloads.
09/12/2026 20:13:41:WARNING:Warning: You are sending unauthenticated requests to the HF Hub. Please set a HF_TOKEN to enable higher rate limits and faster downloads.
Loading weights:   0%|          | 0/199 [00:00<?, ?it/s]Loading weights: 100%|██████████| 199/199 [00:00<00:00, 6968.15it/s]

=== committed: dims={'audio': 74, 'video': 20, 'text': 768} pool=107 ===
  done committed seed=42
  done committed seed=7
  done committed seed=2024

=== speech+egemaps: dims={'audio': 88, 'video': 20, 'text': 768} pool=107 ===
  done speech+egemaps seed=42
  done speech+egemaps seed=7
  done speech+egemaps seed=2024

# Feature extraction — inner-CV ladder (ADR-0031)

Ranked on inner-fold mean ROC-AUC over the official train split; dev and
test are neither scored nor selected on. `wins` counts folds where the arm
beat the baseline, so an effect carried by one lucky fold is visible as
such. `pooled` bootstraps the difference between the two arms' pooled
out-of-fold predictions, which is the paired question worth asking.

Baseline arm: `committed` — the pipeline every committed result used.

| arm | ROC-AUC | ±sd | F1 | per-fold | wins | pooled | 95% CI | p |
|---|---|:--:|---|---|---|---|---|---|
| committed | 0.728 | 0.094 | 0.457 | +0.000 | 0/15 | - | - | - |
| speech+egemaps | 0.531 | 0.124 | 0.289 | -0.197 | 1/15 | -0.213 | [-0.328, -0.106] | 0.000 |

wrote experiments/phase1/phase1_preprocessing_ladder_20260912_201339
=== ladder exit=0 Sat Sep 12 20:15:14 UTC 2026 ===
