[1/188] participant=300 written=0 skipped=1
[2/188] participant=301 written=1 skipped=1
[3/188] participant=302 written=2 skipped=1
[4/188] participant=303 written=3 skipped=1
[5/188] participant=304 written=4 skipped=1
[6/188] participant=305 written=5 skipped=1
[7/188] participant=306 written=6 skipped=1
[8/188] participant=307 written=7 skipped=1
[9/188] participant=308 written=8 skipped=1
[10/188] participant=309 written=9 skipped=1
[11/188] participant=310 written=10 skipped=1
[12/188] participant=311 written=11 skipped=1
[13/188] participant=312 written=12 skipped=1
[14/188] participant=313 written=13 skipped=1
[15/188] participant=314 written=14 skipped=1
[16/188] participant=315 written=15 skipped=1
[17/188] participant=316 written=16 skipped=1
[18/188] participant=317 written=17 skipped=1
[19/188] participant=318 written=18 skipped=1
[20/188] participant=319 written=19 skipped=1
[21/188] participant=320 written=20 skipped=1
[22/188] participant=321 written=21 skipped=1
[23/188] participant=322 written=22 skipped=1
[24/188] participant=323 written=23 skipped=1
[25/188] participant=324 written=24 skipped=1
[26/188] participant=325 written=25 skipped=1
[27/188] participant=326 written=26 skipped=1
[28/188] participant=327 written=27 skipped=1
[29/188] participant=328 written=28 skipped=1
[30/188] participant=329 written=29 skipped=1
[31/188] participant=330 written=30 skipped=1
[32/188] participant=331 written=31 skipped=1
[33/188] participant=332 written=32 skipped=1
[34/188] participant=333 written=33 skipped=1
[35/188] participant=334 written=34 skipped=1
[36/188] participant=335 written=35 skipped=1
[37/188] participant=336 written=36 skipped=1
[38/188] participant=337 written=37 skipped=1
[39/188] participant=338 written=38 skipped=1
[40/188] participant=339 written=39 skipped=1
[41/188] participant=340 written=40 skipped=1
[42/188] participant=341 written=41 skipped=1
[43/188] participant=343 written=42 skipped=1
[44/188] participant=344 written=43 skipped=1
[45/188] participant=345 written=44 skipped=1
[46/188] participant=346 written=45 skipped=1
[47/188] participant=347 written=46 skipped=1
[48/188] participant=348 written=47 skipped=1
[49/188] participant=349 written=48 skipped=1
[50/188] participant=350 written=49 skipped=1
[51/188] participant=351 written=50 skipped=1
[52/188] participant=352 written=51 skipped=1
[53/188] participant=353 written=52 skipped=1
[54/188] participant=354 written=53 skipped=1
[55/188] participant=355 written=54 skipped=1
[56/188] participant=356 written=55 skipped=1
[57/188] participant=357 written=56 skipped=1
[58/188] participant=358 written=57 skipped=1
[59/188] participant=359 written=58 skipped=1
[60/188] participant=360 written=59 skipped=1
[61/188] participant=361 written=60 skipped=1
[62/188] participant=362 written=61 skipped=1
[63/188] participant=363 written=62 skipped=1
[64/188] participant=364 written=63 skipped=1
[65/188] participant=365 written=64 skipped=1
[66/188] participant=366 written=65 skipped=1
[67/188] participant=367 written=66 skipped=1
[68/188] participant=368 written=67 skipped=1
[69/188] participant=369 written=68 skipped=1
[70/188] participant=370 written=69 skipped=1
[71/188] participant=371 written=70 skipped=1
[72/188] participant=372 written=71 skipped=1
[73/188] participant=373 written=72 skipped=1
[74/188] participant=374 written=73 skipped=1
[75/188] participant=375 written=74 skipped=1
[76/188] participant=376 written=75 skipped=1
[77/188] participant=377 written=76 skipped=1
[78/188] participant=378 written=77 skipped=1
[79/188] participant=379 written=78 skipped=1
[80/188] participant=380 written=79 skipped=1
[81/188] participant=381 written=80 skipped=1
[82/188] participant=382 written=81 skipped=1
[83/188] participant=383 written=82 skipped=1
[84/188] participant=384 written=83 skipped=1
[85/188] participant=385 written=84 skipped=1
[86/188] participant=386 written=85 skipped=1
[87/188] participant=387 written=86 skipped=1
[88/188] participant=388 written=87 skipped=1
[89/188] participant=389 written=88 skipped=1
[90/188] participant=390 written=89 skipped=1
[91/188] participant=391 written=90 skipped=1
[92/188] participant=392 written=91 skipped=1
[93/188] participant=393 written=92 skipped=1
[94/188] participant=395 written=93 skipped=1
[95/188] participant=396 written=94 skipped=1
[96/188] participant=397 written=95 skipped=1
[97/188] participant=399 written=96 skipped=1
[98/188] participant=400 written=97 skipped=1
[99/188] participant=401 written=98 skipped=1
[100/188] participant=402 written=99 skipped=1
[101/188] participant=403 written=100 skipped=1
[102/188] participant=404 written=101 skipped=1
[103/188] participant=405 written=102 skipped=1
[104/188] participant=406 written=103 skipped=1
[105/188] participant=407 written=104 skipped=1
[106/188] participant=408 written=105 skipped=1
[107/188] participant=409 written=106 skipped=1
[108/188] participant=410 written=107 skipped=1
[109/188] participant=411 written=108 skipped=1
[110/188] participant=412 written=109 skipped=1
[111/188] participant=413 written=110 skipped=1
[112/188] participant=414 written=111 skipped=1
[113/188] participant=415 written=112 skipped=1
[114/188] participant=416 written=113 skipped=1
[115/188] participant=417 written=114 skipped=1
[116/188] participant=418 written=115 skipped=1
[117/188] participant=419 written=116 skipped=1
[118/188] participant=420 written=117 skipped=1
[119/188] participant=421 written=118 skipped=1
[120/188] participant=422 written=119 skipped=1
[121/188] participant=423 written=120 skipped=1
[122/188] participant=424 written=121 skipped=1
[123/188] participant=425 written=122 skipped=1
[124/188] participant=426 written=123 skipped=1
[125/188] participant=427 written=124 skipped=1
[126/188] participant=428 written=125 skipped=1
[127/188] participant=429 written=126 skipped=1
[128/188] participant=430 written=127 skipped=1
[129/188] participant=431 written=128 skipped=1
[130/188] participant=432 written=129 skipped=1
[131/188] participant=433 written=130 skipped=1
[132/188] participant=434 written=131 skipped=1
[133/188] participant=435 written=132 skipped=1
[134/188] participant=436 written=133 skipped=1
[135/188] participant=437 written=134 skipped=1
[136/188] participant=438 written=135 skipped=1
[137/188] participant=439 written=136 skipped=1
[138/188] participant=441 written=137 skipped=1
[139/188] participant=442 written=138 skipped=1
[140/188] participant=443 written=139 skipped=1
[141/188] participant=444 written=140 skipped=1
[142/188] participant=445 written=141 skipped=1
[143/188] participant=446 written=142 skipped=1
[144/188] participant=447 written=143 skipped=1
[145/188] participant=448 written=144 skipped=1
[146/188] participant=449 written=145 skipped=1
[147/188] participant=450 written=146 skipped=1
[148/188] participant=451 written=147 skipped=1
[149/188] participant=452 written=148 skipped=1
[150/188] participant=453 written=149 skipped=1
[151/188] participant=454 written=150 skipped=1
[152/188] participant=455 written=151 skipped=1
[153/188] participant=456 written=152 skipped=1
[154/188] participant=457 written=153 skipped=1
[155/188] participant=458 written=154 skipped=1
[156/188] participant=459 written=155 skipped=1
[157/188] participant=461 written=156 skipped=1
[158/188] participant=462 written=157 skipped=1
[159/188] participant=463 written=158 skipped=1
[160/188] participant=464 written=159 skipped=1
[161/188] participant=465 written=160 skipped=1
[162/188] participant=466 written=161 skipped=1
[163/188] participant=467 written=162 skipped=1
[164/188] participant=468 written=163 skipped=1
[165/188] participant=469 written=164 skipped=1
[166/188] participant=470 written=165 skipped=1
[167/188] participant=471 written=166 skipped=1
[168/188] participant=472 written=167 skipped=1
[169/188] participant=473 written=168 skipped=1
[170/188] participant=474 written=169 skipped=1
[171/188] participant=475 written=170 skipped=1
[172/188] participant=476 written=171 skipped=1
[173/188] participant=477 written=172 skipped=1
[174/188] participant=478 written=173 skipped=1
[175/188] participant=479 written=174 skipped=1
[176/188] participant=480 written=175 skipped=1
[177/188] participant=481 written=176 skipped=1
[178/188] participant=482 written=177 skipped=1
[179/188] participant=483 written=178 skipped=1
[180/188] participant=484 written=179 skipped=1
[181/188] participant=485 written=180 skipped=1
[182/188] participant=486 written=181 skipped=1
[183/188] participant=487 written=182 skipped=1
[184/188] participant=488 written=183 skipped=1
[185/188] participant=489 written=184 skipped=1
[186/188] participant=490 written=185 skipped=1
[187/188] participant=491 written=186 skipped=1
[188/188] participant=492 written=187 skipped=1
{
  "feature_set": "eGeMAPSv02",
  "feature_level": "Functionals",
  "width": 88,
  "speech_source": "participant transcript turns",
  "pad_seconds": 0.1,
  "participants": 188,
  "written": 187,
  "skipped_existing": 1,
  "opensmile_version": "2.6.0"
}
